
> next-app@0.1.0 build
> next build

  Γû▓ Next.js 14.2.14

   Creating an optimized production build ...
 Γ£ô Compiled successfully
   Linting and checking validity of types ...
node.exe : 
At line:1 char:1
+ & "C:\Program 
Files\nodejs/node.exe" 
"C:\Program 
Files\nodejs/node_mo ...
+ ~~~~~~~~~~~~~~~~~~~~~~~~~
~~~~~~~~~~~~~~~~~~~~~~~~~~~
~~~~~~~~~~~~~~~~~
    + CategoryInfo         
     : NotSpecified: (:St  
  ring) [], RemoteExcept   
 ion
    + FullyQualifiedErrorI 
   d : NativeCommandError
 
Failed to compile.

./src/sections/fastag/Fasta
gSection.tsx
3:17  Error: 'useState' is 
defined but never used.  @t
ypescript-eslint/no-unused-
vars

info  - Need to disable 
some ESLint rules? Learn 
more here: https://nextjs.o
rg/docs/basic-features/esli
nt#disabling-rules
