src/sections/gps/data/gpsData.ts(53,3): error TS2322: Type '{ title: string; tagline: string; icon: string; bgColor: string; overview: string; features: { title: string; description: string; icon: string; }[]; useCases: { title: string; description: string; }[]; benefits: { ...; }[]; seoMeta: { ...; }; }' is not assignable to type 'SolutionData'.
  Types of property 'icon' are incompatible.
    Type 'string' is not assignable to type 'ElementType<any, keyof IntrinsicElements> | undefined'.
src/sections/gps/data/gpsData.ts(54,3): error TS2322: Type '{ title: string; tagline: string; icon: string; bgColor: string; overview: string; features: { title: string; description: string; icon: string; }[]; useCases: { title: string; description: string; }[]; benefits: { ...; }[]; seoMeta: { ...; }; }' is not assignable to type 'SolutionData'.
  Types of property 'icon' are incompatible.
    Type 'string' is not assignable to type 'ElementType<any, keyof IntrinsicElements> | undefined'.
src/sections/gps/data/gpsData.ts(55,3): error TS2322: Type '{ title: string; tagline: string; icon: string; bgColor: string; overview: string; features: { title: string; description: string; icon: string; }[]; useCases: { title: string; description: string; }[]; benefits: { ...; }[]; seoMeta: { ...; }; }' is not assignable to type 'SolutionData'.
  Types of property 'icon' are incompatible.
    Type 'string' is not assignable to type 'ElementType<any, keyof IntrinsicElements> | undefined'.
src/sections/gps/data/gpsData.ts(56,3): error TS2322: Type '{ title: string; tagline: string; icon: string; bgColor: string; overview: string; features: { title: string; description: string; icon: string; }[]; useCases: { title: string; description: string; }[]; benefits: { ...; }[]; seoMeta: { ...; }; }' is not assignable to type 'SolutionData'.
  Types of property 'icon' are incompatible.
    Type 'string' is not assignable to type 'ElementType<any, keyof IntrinsicElements> | undefined'.
src/sections/gps/data/gpsData.ts(57,3): error TS2322: Type '{ title: string; tagline: string; icon: string; bgColor: string; overview: string; features: { title: string; description: string; icon: string; }[]; useCases: { title: string; description: string; }[]; benefits: { ...; }[]; seoMeta: { ...; }; }' is not assignable to type 'SolutionData'.
  Types of property 'icon' are incompatible.
    Type 'string' is not assignable to type 'ElementType<any, keyof IntrinsicElements> | undefined'.
src/sections/gps/data/gpsData.ts(58,3): error TS2322: Type '{ title: string; tagline: string; icon: string; bgColor: string; overview: string; features: { title: string; description: string; icon: string; }[]; useCases: { title: string; description: string; }[]; benefits: { ...; }[]; seoMeta: { ...; }; }' is not assignable to type 'SolutionData'.
  Types of property 'icon' are incompatible.
    Type 'string' is not assignable to type 'ElementType<any, keyof IntrinsicElements> | undefined'.
src/sections/gps/data/gpsData.ts(59,3): error TS2322: Type '{ title: string; tagline: string; icon: string; bgColor: string; overview: string; features: { title: string; description: string; icon: string; }[]; useCases: { title: string; description: string; }[]; benefits: { ...; }[]; seoMeta: { ...; }; }' is not assignable to type 'SolutionData'.
  Types of property 'icon' are incompatible.
    Type 'string' is not assignable to type 'ElementType<any, keyof IntrinsicElements> | undefined'.
src/sections/gps/data/gpsData.ts(60,3): error TS2322: Type '{ title: string; tagline: string; icon: string; bgColor: string; overview: string; features: { title: string; description: string; icon: string; }[]; useCases: { title: string; description: string; }[]; benefits: { ...; }[]; seoMeta: { ...; }; }' is not assignable to type 'SolutionData'.
  Types of property 'icon' are incompatible.
    Type 'string' is not assignable to type 'ElementType<any, keyof IntrinsicElements> | undefined'.
src/sections/gps/data/gpsData.ts(61,3): error TS2322: Type '{ title: string; tagline: string; icon: string; bgColor: string; overview: string; features: { title: string; description: string; icon: string; }[]; useCases: { title: string; description: string; }[]; benefits: { ...; }[]; seoMeta: { ...; }; }' is not assignable to type 'SolutionData'.
  Types of property 'icon' are incompatible.
    Type 'string' is not assignable to type 'ElementType<any, keyof IntrinsicElements> | undefined'.
src/sections/gps/GPSTrackingDetails.tsx(140,43): error TS2538: Type 'Iterable<ReactNode>' cannot be used as an index type.
src/sections/gps/GPSTrackingDetails.tsx(140,43): error TS2538: Type 'Promise<AwaitedReactNode>' cannot be used as an index type.
src/sections/gps/GPSTrackingDetails.tsx(140,43): error TS2538: Type 'ReactElement<any, string | JSXElementConstructor<any>>' cannot be used as an index type.
src/sections/gps/GPSTrackingDetails.tsx(140,43): error TS2538: Type 'ReactPortal' cannot be used as an index type.
src/sections/gps/GPSTrackingDetails.tsx(140,43): error TS2538: Type 'bigint' cannot be used as an index type.
src/sections/gps/GPSTrackingDetails.tsx(140,43): error TS2538: Type 'false' cannot be used as an index type.
src/sections/gps/GPSTrackingDetails.tsx(140,43): error TS2538: Type 'null' cannot be used as an index type.
src/sections/gps/GPSTrackingDetails.tsx(140,43): error TS2538: Type 'true' cannot be used as an index type.
src/sections/gps/GPSTrackingDetails.tsx(140,43): error TS2538: Type 'undefined' cannot be used as an index type.
src/sections/gps/GPSTrackingDetails.tsx(173,49): error TS2538: Type 'Iterable<ReactNode>' cannot be used as an index type.
src/sections/gps/GPSTrackingDetails.tsx(173,49): error TS2538: Type 'Promise<AwaitedReactNode>' cannot be used as an index type.
src/sections/gps/GPSTrackingDetails.tsx(173,49): error TS2538: Type 'ReactElement<any, string | JSXElementConstructor<any>>' cannot be used as an index type.
src/sections/gps/GPSTrackingDetails.tsx(173,49): error TS2538: Type 'ReactPortal' cannot be used as an index type.
src/sections/gps/GPSTrackingDetails.tsx(173,49): error TS2538: Type 'bigint' cannot be used as an index type.
src/sections/gps/GPSTrackingDetails.tsx(173,49): error TS2538: Type 'false' cannot be used as an index type.
src/sections/gps/GPSTrackingDetails.tsx(173,49): error TS2538: Type 'null' cannot be used as an index type.
src/sections/gps/GPSTrackingDetails.tsx(173,49): error TS2538: Type 'true' cannot be used as an index type.
src/sections/gps/GPSTrackingDetails.tsx(173,49): error TS2538: Type 'undefined' cannot be used as an index type.
src/sections/industries/data/ais-140-compliance.ts(8,3): error TS2322: Type 'ForwardRefExoticComponent<Omit<LucideProps, "ref"> & RefAttributes<SVGSVGElement>>' is not assignable to type 'string'.
src/sections/industries/data/ais-140-compliance.ts(31,48): error TS2322: Type 'ForwardRefExoticComponent<Omit<LucideProps, "ref"> & RefAttributes<SVGSVGElement>>' is not assignable to type 'string'.
src/sections/industries/data/ais-140-compliance.ts(32,46): error TS2322: Type 'ForwardRefExoticComponent<Omit<LucideProps, "ref"> & RefAttributes<SVGSVGElement>>' is not assignable to type 'string'.
src/sections/industries/data/ais-140-compliance.ts(33,51): error TS2322: Type 'ForwardRefExoticComponent<Omit<LucideProps, "ref"> & RefAttributes<SVGSVGElement>>' is not assignable to type 'string'.
src/sections/industries/data/fuel-management-solutions.ts(8,3): error TS2322: Type 'ForwardRefExoticComponent<Omit<LucideProps, "ref"> & RefAttributes<SVGSVGElement>>' is not assignable to type 'string'.
src/sections/industries/data/fuel-management-solutions.ts(31,45): error TS2322: Type 'ForwardRefExoticComponent<Omit<LucideProps, "ref"> & RefAttributes<SVGSVGElement>>' is not assignable to type 'string'.
src/sections/industries/data/fuel-management-solutions.ts(32,48): error TS2322: Type 'ForwardRefExoticComponent<Omit<LucideProps, "ref"> & RefAttributes<SVGSVGElement>>' is not assignable to type 'string'.
src/sections/industries/data/fuel-management-solutions.ts(33,48): error TS2322: Type 'ForwardRefExoticComponent<Omit<LucideProps, "ref"> & RefAttributes<SVGSVGElement>>' is not assignable to type 'string'.
src/sections/industries/data/high-value-cargo-security.ts(8,3): error TS2322: Type 'ForwardRefExoticComponent<Omit<LucideProps, "ref"> & RefAttributes<SVGSVGElement>>' is not assignable to type 'string'.
src/sections/industries/data/high-value-cargo-security.ts(31,48): error TS2322: Type 'ForwardRefExoticComponent<Omit<LucideProps, "ref"> & RefAttributes<SVGSVGElement>>' is not assignable to type 'string'.
src/sections/industries/data/high-value-cargo-security.ts(32,45): error TS2322: Type 'ForwardRefExoticComponent<Omit<LucideProps, "ref"> & RefAttributes<SVGSVGElement>>' is not assignable to type 'string'.
src/sections/industries/data/high-value-cargo-security.ts(33,50): error TS2322: Type 'ForwardRefExoticComponent<Omit<LucideProps, "ref"> & RefAttributes<SVGSVGElement>>' is not assignable to type 'string'.
